// Jest Snapshot v1, https://goo.gl/fbAQLP

exports[`NewsArticle should match the snapshot with all data passed in correctly 1`] = `
<article>
  <div>
    <img
      alt="The web slinger will be the only superhero with the ability to cross between Disney and Sony’s cinematic universes, according to Marvel Studios."
      src="https://static01.nyt.com/images/2019/09/27/multimedia/27xp-spiderman/27xp-spiderman-superJumbo.jpg?quality=90&auto=webp"
    />
  </div>
  <h2>
    Spider-Man Will Remain in the Marvel Cinematic Universe
  </h2>
  <p>
    The web slinger will be the only superhero with the ability to cross between Disney and Sony’s cinematic universes, according to Marvel Studios.
  </p>
  <footer>
    <a
      href="https://www.nytimes.com/2019/09/27/business/media/spiderman-mcu-sony-marvel.html"
    >
      Link To article
    </a>
  </footer>
</article>
`;
